Flow Title=steadySIM20210601
Program Version=5.07
Number of Profiles= 1 
Profile Names=20210601
River Rch & RM=Clinch River,Upper Reach     ,4893.771
  14.81
River Rch & RM=Clinch River,Main Stem       ,4648.18 
  11.11
River Rch & RM=Clinch River,Middle Reach    ,4279.376
  14.81
River Rch & RM=Clinch River,Lower Reach     ,3803.314
  15.67
River Rch & RM=North Fork,Tributary       ,98.29333
    0.86
River Rch & RM=Side Channel,Side Reach      ,406.5545
   3.7
Boundary for River Rch & Prof#=Clinch River,Upper Reach     , 1 
Up Type= 1 
Up Known WS=348.859
Dn Type= 0 
Boundary for River Rch & Prof#=Clinch River,Main Stem       , 1 
Up Type= 0 
Dn Type= 0 
Boundary for River Rch & Prof#=Clinch River,Middle Reach    , 1 
Up Type= 0 
Dn Type= 0 
Boundary for River Rch & Prof#=Clinch River,Lower Reach     , 1 
Up Type= 0 
Dn Type= 3 
Dn Slope=0.0002
Boundary for River Rch & Prof#=North Fork,Tributary       , 1 
Up Type= 1 
Up Known WS=347.139
Dn Type= 0 
Boundary for River Rch & Prof#=Side Channel,Side Reach      , 1 
Up Type= 0 
Dn Type= 0 
DSS Import StartDate=
DSS Import StartTime=
DSS Import EndDate=
DSS Import EndTime=
DSS Import GetInterval= 0 
DSS Import Interval=
DSS Import GetPeak= 0 
DSS Import FillOption= 0 
